17:29:55.814 > DEBUG (requestOperationMode) -> no se recibio trama
17:29:55.814 > DEBUG (requestOperationMode) -> esperando trama...
17:30:01.816 > DEBUG (requestOperationMode) -> no se recibio trama
17:30:01.816 > DEBUG (requestOperationMode) -> esperando trama...
17:30:05.700 > DEBUG (receiveFrame) -> first byte: 0xAB
17:30:05.704 > DEBUG (receiveFrame) -> CMD: 0x08
17:30:05.704 > DEBUG (receiveFrame) -> LEN: 0
17:30:05.705 > DEBUG (receiveFrame) -> frame_len: 6
17:30:05.711 > DEBUG (receiveFrame) -> trama recibida: 0xAB 0x08 0x00 0xD5 0xC8 0x0A 
17:30:05.713 > DEBUG (verifyOBCResponse) -> CRC esperado: 0xD5C8
17:30:05.713 > DEBUG (verifyOBCResponse) -> CRC recibido: 0xD5C8
17:30:05.713 > DEBUG (requestOperationMode) -> ACK enviado: 0x26 0x08 0x00 0xAA 0xAA 0x0A 
17:30:05.725 > DEBUG (write_OPstate) -> 
17:30:05.725 > readBuffer: address = FFF000 count = 20
17:30:05.726 > eraseSector: address = FFF000
17:30:05.726 > writeBuffer: address = FFF000 count = 20
17:30:05.753 > DEBUG (write_OPstate) -> 
17:30:05.753 > readBuffer: address = FFF000 count = 20
17:30:05.754 > eraseSector: address = FFF000
17:30:05.754 > writeBuffer: address = FFF000 count = 20
